
> eztravelz@1.0.0 build
> next build

   Γû▓ Next.js 15.5.12

   Creating an optimized production build ...
 Γ£ô Compiled successfully in 3.5s
   Linting and checking validity of types ...
node.exe : Failed to 
compile.
At line:1 char:1
+ & "C:\Program Files\
nodejs/node.exe" 
"C:\Program 
Files\nodejs/node_mo 
...
+ ~~~~~~~~~~~~~~~~~~~~
~~~~~~~~~~~~~~~~~~~~~~
~~~~~~~~~~~~~~~~~~~~~~
~~~~~
    + CategoryInfo    
          : 
NotSpecified: (F    
ailed to compile.:Str 
   ing) [], 
RemoteExcept    ion
    + 
FullyQualifiedError   
 Id : 
NativeCommandErr    or
 

./src/data/posts.tsx:1
287:14
Type error: Cannot 
find name 
'AmazonProductCard'.

[0m [90m 1285 
|[39m             [3
3m<[39m[33m/[39m[3
3mp[39m[33m>[39m
 [90m 1286 |[39m    
         [33m<[39m[
33mh2[39m[33m>[39m
[33mPacking[39m 
[36mfor[39m the 
[33mFrozen[39m [33m
Tundra[39m[33m<[39m
[33m/[39m[33mh2[39
m[33m>[39m
[31m[1m>[22m[39m[
90m 1287 |[39m       
      [33m<[39m[33m
AmazonProductCard[39m
 [90m      |[39m    
          
[31m[1m^[22m[39m
 [90m 1288 |[39m    
             title[33
m=[39m[32m"ororo 
Heated Stadium 
Seat"[39m
 [90m 1289 |[39m    
             descripti
on[33m=[39m[32m"Sur
vive the frozen 
tundra. This 
battery-powered 
heated seat features 
memory foam 
cushioning and dual 
heating zones to keep 
your core warm for 
all four 
quarters."[39m
 [90m 1290 |[39m    
             imageUrl
[33m=[39m[32m"https:
//m.media-amazon.com/i
mages/G/01/apparel/rcx
gs/tile._CB483369110_.
gif"[39m[0m
Next.js build worker 
exited with code: 1 
and signal: null
